
> adaptiq@0.1.0 build
> next build --webpack

[baseline-browser-mapping] The data in this module is over two months old.  To ensure accurate Baseline data, please update: `npm i baseline-browser-mapping@latest -D`
 Γ¿» Unable to acquire lock at C:\Users\97798\OneDrive\Documents\lms\.next\lock, is another instance of next build running?
   Suggestion: If you intended to restart next build, terminate the other process, and then try again.
